// Jest Snapshot v1, https://goo.gl/fbAQLP

exports[`GetFile tests renders default output with react (mount) 1`] = `
<View
  className="GetFile"
>
  <Text
    accessible={true}
    allowFontScaling={true}
    ellipsizeMode="tail"
  >
    File: 
    unknown
  </Text>
  <View
    style={
      Object {
        "backgroundColor": "#68a0cf",
        "borderColor": "#fff",
        "borderRadius": 10,
        "borderWidth": 1,
        "marginLeft": 40,
        "marginRight": 40,
        "marginTop": 10,
        "paddingBottom": 20,
        "paddingLeft": 20,
        "paddingRight": 20,
        "paddingTop": 20,
        "width": "75%",
      }
    }
  >
    <View
      accessibilityComponentType="button"
      accessibilityLabel={undefined}
      accessibilityTraits={
        Array [
          "button",
        ]
      }
      accessible={true}
      collapsable={undefined}
      hasTVPreferredFocus={undefined}
      hitSlop={undefined}
      isTVSelectable={true}
      nativeID={undefined}
      onLayout={undefined}
      onResponderGrant={[Function]}
      onResponderMove={[Function]}
      onResponderRelease={[Function]}
      onResponderTerminate={[Function]}
      onResponderTerminationRequest={[Function]}
      onStartShouldSetResponder={[Function]}
      style={
        Object {
          "opacity": 1,
        }
      }
      testID={undefined}
      tvParallaxProperties={undefined}
    >
      <View
        style={
          Array [
            Object {},
          ]
        }
      >
        <Text
          accessible={true}
          allowFontScaling={true}
          disabled={undefined}
          ellipsizeMode="tail"
          style={
            Array [
              Object {
                "color": "#007AFF",
                "fontSize": 18,
                "padding": 8,
                "textAlign": "center",
              },
              Object {
                "color": "#841584",
              },
            ]
          }
        >
          Get Data
        </Text>
      </View>
    </View>
  </View>
</View>
`;
